2026-01-20 08:54:36.207+0000 INFO  Logging config in use: File '/var/lib/neo4j/conf/user-logs.xml'
2026-01-20 08:54:36.218+0000 WARN  Use of deprecated setting 'dbms.databases.writable'. It is replaced by 'server.databases.writable'.
2026-01-20 08:54:36.228+0000 INFO  Starting...
2026-01-20 08:54:37.389+0000 INFO  This instance is ServerId{6bdcb1ef} (6bdcb1ef-58bf-41d7-9e1c-0ee16147efa0)
2026-01-20 08:54:38.920+0000 INFO  ======== Neo4j 5.22.0 ========
2026-01-20 08:54:43.269+0000 INFO  Anonymous Usage Data is being sent to Neo4j, see https://neo4j.com/docs/usage-data/
2026-01-20 08:54:43.325+0000 INFO  Bolt enabled on 0.0.0.0:7687.
2026-01-20 08:54:44.006+0000 INFO  HTTP enabled on 0.0.0.0:7474.
2026-01-20 08:54:44.008+0000 INFO  Remote interface available at http://localhost:7474/
2026-01-20 08:54:44.011+0000 INFO  id: 04267C43772DEB876CA204FC7619FA7BCA5A495AFBA6DC493C98774E6DC3FB8C
2026-01-20 08:54:44.012+0000 INFO  name: system
2026-01-20 08:54:44.013+0000 INFO  creationDate: 2026-01-20T08:54:40.374Z
2026-01-20 08:54:44.013+0000 INFO  Started.
2026-01-21 14:52:40.433+0000 INFO  Neo4j Server shutdown initiated by request
2026-01-21 14:52:40.478+0000 INFO  Stopping...
2026-01-22 10:38:08.123+0000 INFO  Logging config in use: File '/var/lib/neo4j/conf/user-logs.xml'
2026-01-22 10:38:08.170+0000 WARN  Use of deprecated setting 'dbms.databases.writable'. It is replaced by 'server.databases.writable'.
2026-01-22 10:38:08.210+0000 INFO  Starting...
2026-01-22 10:38:11.325+0000 INFO  This instance is ServerId{6bdcb1ef} (6bdcb1ef-58bf-41d7-9e1c-0ee16147efa0)
2026-01-22 10:38:13.772+0000 INFO  ======== Neo4j 5.22.0 ========
2026-01-22 10:38:18.937+0000 INFO  Anonymous Usage Data is being sent to Neo4j, see https://neo4j.com/docs/usage-data/
2026-01-22 10:38:19.158+0000 INFO  Bolt enabled on 0.0.0.0:7687.
2026-01-22 10:38:19.969+0000 INFO  HTTP enabled on 0.0.0.0:7474.
2026-01-22 10:38:19.971+0000 INFO  Remote interface available at http://localhost:7474/
2026-01-22 10:38:19.975+0000 INFO  id: 04267C43772DEB876CA204FC7619FA7BCA5A495AFBA6DC493C98774E6DC3FB8C
2026-01-22 10:38:19.976+0000 INFO  name: system
2026-01-22 10:38:19.977+0000 INFO  creationDate: 2026-01-20T08:54:40.374Z
2026-01-22 10:38:19.977+0000 INFO  Started.
2026-01-23 06:04:02.455+0000 INFO  Logging config in use: File '/var/lib/neo4j/conf/user-logs.xml'
2026-01-23 06:04:02.505+0000 WARN  Use of deprecated setting 'dbms.databases.writable'. It is replaced by 'server.databases.writable'.
2026-01-23 06:04:02.563+0000 INFO  Starting...
2026-01-23 06:04:05.267+0000 INFO  This instance is ServerId{6bdcb1ef} (6bdcb1ef-58bf-41d7-9e1c-0ee16147efa0)
2026-01-23 06:04:09.262+0000 INFO  ======== Neo4j 5.22.0 ========
2026-01-23 06:04:15.455+0000 INFO  Anonymous Usage Data is being sent to Neo4j, see https://neo4j.com/docs/usage-data/
2026-01-23 06:04:15.573+0000 INFO  Bolt enabled on 0.0.0.0:7687.
2026-01-23 06:04:16.621+0000 INFO  HTTP enabled on 0.0.0.0:7474.
2026-01-23 06:04:16.622+0000 INFO  Remote interface available at http://localhost:7474/
2026-01-23 06:04:16.629+0000 INFO  id: 04267C43772DEB876CA204FC7619FA7BCA5A495AFBA6DC493C98774E6DC3FB8C
2026-01-23 06:04:16.631+0000 INFO  name: system
2026-01-23 06:04:16.632+0000 INFO  creationDate: 2026-01-20T08:54:40.374Z
2026-01-23 06:04:16.632+0000 INFO  Started.
2026-01-25 11:45:58.423+0000 INFO  Neo4j Server shutdown initiated by request
2026-01-25 11:45:58.434+0000 INFO  Stopping...
2026-01-25 11:46:04.270+0000 INFO  Stopped.
2026-01-25 13:53:38.684+0000 INFO  Logging config in use: File '/var/lib/neo4j/conf/user-logs.xml'
2026-01-25 13:53:38.716+0000 WARN  Use of deprecated setting 'dbms.databases.writable'. It is replaced by 'server.databases.writable'.
2026-01-25 13:53:38.738+0000 INFO  Starting...
2026-01-25 13:53:40.428+0000 INFO  This instance is ServerId{6bdcb1ef} (6bdcb1ef-58bf-41d7-9e1c-0ee16147efa0)
2026-01-25 13:53:42.331+0000 INFO  ======== Neo4j 5.22.0 ========
2026-01-25 13:53:47.155+0000 INFO  Anonymous Usage Data is being sent to Neo4j, see https://neo4j.com/docs/usage-data/
2026-01-25 13:53:47.252+0000 INFO  Bolt enabled on 0.0.0.0:7687.
2026-01-25 13:53:48.190+0000 INFO  HTTP enabled on 0.0.0.0:7474.
2026-01-25 13:53:48.192+0000 INFO  Remote interface available at http://localhost:7474/
2026-01-25 13:53:48.196+0000 INFO  id: 04267C43772DEB876CA204FC7619FA7BCA5A495AFBA6DC493C98774E6DC3FB8C
2026-01-25 13:53:48.196+0000 INFO  name: system
2026-01-25 13:53:48.197+0000 INFO  creationDate: 2026-01-20T08:54:40.374Z
2026-01-25 13:53:48.198+0000 INFO  Started.
2026-01-25 17:25:12.363+0000 INFO  Neo4j Server shutdown initiated by request
2026-01-25 17:25:12.377+0000 INFO  Stopping...
